ESP-ROM:esp32s3-20210327
Build:Mar 27 2021
rst:0x1 (POWERON),boot:0x8 (SPI_FAST_FLASH_BOOT)
SPIWP:0xee
mode:DIO, clock div:1
load:0x3fce2810,len:0x15a0
load:0x403c8700,len:0x4
load:0x403c8704,len:0xd20
load:0x403cb700,len:0x2f00
entry 0x403c8928
[0;32mI (27) boot: ESP-IDF v5.4.1-dirty 2nd stage bootloader[0m
[0;32mI (27) boot: compile time Jun  5 2025 12:05:18[0m
[0;32mI (27) boot: Multicore bootloader[0m
[0;32mI (28) boot: chip revision: v0.2[0m
[0;32mI (30) boot: efuse block revision: v1.3[0m
[0;32mI (34) boot.esp32s3: Boot SPI Speed : 80MHz[0m
[0;32mI (38) boot.esp32s3: SPI Mode       : DIO[0m
[0;32mI (42) boot.esp32s3: SPI Flash Size : 2MB[0m
[0;32mI (45) boot: Enabling RNG early entropy source...[0m
[0;32mI (50) boot: Partition Table:[0m
[0;32mI (52) boot: ## Label            Usage          Type ST Offset   Length[0m
[0;32mI (59) boot:  0 nvs              WiFi data        01 02 00009000 00006000[0m
[0;32mI (65) boot:  1 phy_init         RF data          01 01 0000f000 00001000[0m
[0;32mI (72) boot:  2 factory          factory app      00 00 00010000 00100000[0m
[0;32mI (78) boot: End of partition table[0m
[0;32mI (82) esp_image: segment 0: paddr=00010020 vaddr=3c050020 size=12e04h ( 77316) map[0m
[0;32mI (103) esp_image: segment 1: paddr=00022e2c vaddr=3fc93b00 size=02b48h ( 11080) load[0m
[0;32mI (105) esp_image: segment 2: paddr=0002597c vaddr=40374000 size=0a69ch ( 42652) load[0m
[0;32mI (116) esp_image: segment 3: paddr=00030020 vaddr=42000020 size=4be70h (310896) map[0m
[0;32mI (171) esp_image: segment 4: paddr=0007be98 vaddr=4037e69c size=053e8h ( 21480) load[0m
[0;32mI (176) esp_image: segment 5: paddr=00081288 vaddr=600fe100 size=0001ch (    28) load[0m
[0;32mI (182) boot: Loaded app from partition at offset 0x10000[0m
[0;32mI (182) boot: Disabling RNG early entropy source...[0m
[0;32mI (196) cpu_start: Multicore app[0m
[0;32mI (205) cpu_start: Pro cpu start user code[0m
[0;32mI (205) cpu_start: cpu freq: 160000000 Hz[0m
[0;32mI (206) app_init: Application information:[0m
[0;32mI (206) app_init: Project name:     ESP32[0m
[0;32mI (209) app_init: App version:      57bdde1-dirty[0m
[0;32mI (214) app_init: Compile time:     Jun  5 2025 14:42:17[0m
[0;32mI (219) app_init: ELF file SHA256:  37538bf91...[0m
[0;32mI (223) app_init: ESP-IDF:          v5.4.1-dirty[0m
[0;32mI (227) efuse_init: Min chip rev:     v0.0[0m
[0;32mI (231) efuse_init: Max chip rev:     v0.99 [0m
[0;32mI (235) efuse_init: Chip rev:         v0.2[0m
[0;32mI (239) heap_init: Initializing. RAM available for dynamic allocation:[0m
[0;32mI (245) heap_init: At 3FC9F450 len 0004A2C0 (296 KiB): RAM[0m
[0;32mI (250) heap_init: At 3FCE9710 len 00005724 (21 KiB): RAM[0m
[0;32mI (256) heap_init: At 3FCF0000 len 00008000 (32 KiB): DRAM[0m
[0;32mI (261) heap_init: At 600FE11C len 00001ECC (7 KiB): RTCRAM[0m
[0;32mI (267) spi_flash: detected chip: gd[0m
[0;32mI (269) spi_flash: flash io: dio[0m
[0;33mW (272) spi_flash: Detected size(8192k) larger than the size in the binary image header(2048k). Using the size in the binary image header.[0m
[0;32mI (285) sleep_gpio: Configure to isolate all GPIO pins in sleep state[0m
[0;32mI (291) sleep_gpio: Enable automatic switching of GPIO sleep configuration[0m
[0;32mI (298) main_task: Started on CPU0[0m
I (318ï¿½ï¿½I (318) gpio: GPIO[36]| InputEn: 0| OutputEn: 1| OpenDrain: 0| Pullup: 0| Pulldown: 0| Intr:0 
[0;32mI (318) gpio: GPIO[21]| InputEn: 0| OutputEn: 1| OpenDrain: 0| Pullup: 0| Pulldown: 0| Intr:0 [0m
[0;32mI (448) LVGL: Starting LVGL task[0m
[0;32mI (448) LVGL: Starting LVGL task[0m
[0;33mW (458) lcd_panel.io.i2c: Callback on_color_trans_done was already set and now it was overwritten![0m
[0;32mI (458) UART_COMMUNICATION: DRIVERS SETTED UP CORRECTLY[0m
[0;32mI (498) UART_COMMUNICATION: Raw ADC: 3623, Voltage: 2918 mV, Temp: 291 ÂºC[0m
[0;32mI (1498) UART_COMMUNICATION: Raw ADC: 3547, Voltage: 2857 mV, Temp: 285 ÂºC[0m
[0;32mI (16928) UART_COMMUNICATION: Raw ADC: 3391, Voltage: 2732 mV, Temp: 273 ÂºC[0m
