ESP-ROM:esp32s3-20210327
Build:Mar 27 2021
rst:0x1 (POWERON),boot:0x8 (SPI_FAST_FLASH_BOOT)
SPIWP:0xee
mode:DIO, clock div:1
load:0x3fce2810,len:0x15a0
load:0x403c8700,len:0x4
load:0x403c8704,len:0xd20
load:0x403cb700,len:0x2f00
entry 0x403c8928
[0;32mI (27) boot: ESP-IDF v5.4.1-dirty 2nd stage bootloader[0m
[0;32mI (27) boot: compile time Jun 10 2025 19:31:18[0m
[0;32mI (27) boot: Multicore bootloader[0m
[0;32mI (28) boot: chip revision: v0.2[0m
[0;32mI (30) boot: efuse block revision: v1.3[0m
[0;32mI (34) boot.esp32s3: Boot SPI Speed : 80MHz[0m
[0;32mI (38) boot.esp32s3: SPI Mode       : DIO[0m
[0;32mI (42) boot.esp32s3: SPI Flash Size : 2MB[0m
[0;32mI (45) boot: Enabling RNG early entropy source...[0m
[0;32mI (50) boot: Partition Table:[0m
[0;32mI (52) boot: ## Label            Usage          Type ST Offset   Length[0m
[0;32mI (59) boot:  0 nvs              WiFi data        01 02 00009000 00006000[0m
[0;32mI (65) boot:  1 phy_init         RF data          01 01 0000f000 00001000[0m
[0;32mI (72) boot:  2 factory          factory app      00 00 00010000 00100000[0m
[0;32mI (78) boot: End of partition table[0m
[0;32mI (82) esp_image: segment 0: paddr=00010020 vaddr=3c050020 size=143d4h ( 82900) map[0m
[0;32mI (104) esp_image: segment 1: paddr=000243fc vaddr=3fc93d00 size=02b68h ( 11112) load[0m
[0;32mI (106) esp_image: segment 2: paddr=00026f6c vaddr=40374000 size=090ach ( 37036) load[0m
[0;32mI (116) esp_image: segment 3: paddr=00030020 vaddr=42000020 size=4eff8h (323576) map[0m
[0;32mI (173) esp_image: segment 4: paddr=0007f020 vaddr=4037d0ac size=06c14h ( 27668) load[0m
[0;32mI (179) esp_image: segment 5: paddr=00085c3c vaddr=600fe100 size=0001ch (    28) load[0m
[0;32mI (186) boot: Loaded app from partition at offset 0x10000[0m
[0;32mI (186) boot: Disabling RNG early entropy source...[0m
[0;32mI (198) cpu_start: Multicore app[0m
[0;32mI (207) cpu_start: Pro cpu start user code[0m
[0;32mI (207) cpu_start: cpu freq: 160000000 Hz[0m
[0;32mI (208) app_init: Application information:[0m
[0;32mI (208) app_init: Project name:     ESP32[0m
[0;32mI (211) app_init: App version:      9e4616c-dirty[0m
[0;32mI (216) app_init: Compile time:     Jun 10 2025 19:31:08[0m
[0;32mI (221) app_init: ELF file SHA256:  891efc33b...[0m
[0;32mI (225) app_init: ESP-IDF:          v5.4.1-dirty[0m
[0;32mI (229) efuse_init: Min chip rev:     v0.0[0m
[0;32mI (233) efuse_init: Max chip rev:     v0.99 [0m
[0;32mI (237) efuse_init: Chip rev:         v0.2[0m
[0;32mI (241) heap_init: Initializing. RAM available for dynamic allocation:[0m
[0;32mI (247) heap_init: At 3FC9F6B0 len 0004A060 (296 KiB): RAM[0m
[0;32mI (252) heap_init: At 3FCE9710 len 00005724 (21 KiB): RAM[0m
[0;32mI (258) heap_init: At 3FCF0000 len 00008000 (32 KiB): DRAM[0m
[0;32mI (263) heap_init: At 600FE11C len 00001ECC (7 KiB): RTCRAM[0m
[0;32mI (269) spi_flash: detected chip: gd[0m
[0;32mI (271) spi_flash: flash io: dio[0m
[0;33mW (274) spi_flash: Detected size(8192k) larger than the size in the binary image header(2048k). Using the size in the binary image header.[0m
[0;32mI (287) sleep_gpio: Configure to isolate all GPIO pins in sleep state[0m
[0;32mI (293) sleep_gpio: Enable automatic switching of GPIO sleep configuration[0m
[0;32mI (300) main_task: Started on CPU0[0m
I (320ï¿½ï¿½I (320) gpio: GPIO[36]| InputEn: 0| OutputEn: 1| OpenDrain: 0| Pullup: 0| Pulldown: 0| Intr:0 
[0;32mI (320) gpio: GPIO[21]| InputEn: 0| OutputEn: 1| OpenDrain: 0| Pullup: 0| Pulldown: 0| Intr:0 [0m
[0;32mI (450) LVGL: Starting LVGL task[0m
[0;32mI (450) LVGL: Starting LVGL task[0m
[0;33mW (460) lcd_panel.io.i2c: Callback on_color_trans_done was already set and now it was overwritten![0m
[0;32mI (460) TIMER: Create timer and operator[0m
[0;32mI (460) TIMER: Connect timer and operator[0m
[0;32mI (460) TIMER: Create comparator and generator from the operator[0m
[0;32mI (470) TIMER: Set generator action on timer and compare event[0m
[0;32mI (470) TIMER: Enable and start timer[0m
[0;32mI (480) gpio: GPIO[48]| InputEn: 1| OutputEn: 0| OpenDrain: 0| Pullup: 1| Pulldown: 0| Intr:2 [0m
[0;32mI (480) UART_COMMUNICATION: DRIVERS SETTED UP CORRECTLY[0m
[0;32mI (500) UART_COMMUNICATION: Raw ADC: 342, Voltage: 275 mV, Temp: 27 ÂºC[0m
[0;32mI (500) TOUCH: Raw touch: 3390000[0m
[0;32mI (3500) UART_COMMUNICATION: Raw ADC: 341, Voltage: 274 mV, Temp: 27 ÂºC[0m
[0;32mI (3500) TOUCH: Raw touch: 3390000[0m
[0;32mI (6500) UART_COMMUNICATION: Raw ADC: 340, Voltage: 273 mV, Temp: 27 ÂºC[0m
[0;32mI (6500) TOUCH: Raw touch: 3390000[0m
[0;32mI (9500) UART_COMMUNICATION: Raw ADC: 342, Voltage: 275 mV, Temp: 27 ÂºC[0m
[0;32mI (9500) TOUCH: Raw touch: 3390000[0m
[0;32mI (12500) UART_COMMUNICATION: Raw ADC: 341, Voltage: 274 mV, Temp: 27 ÂºC[0m
[0;32mI (12500) TOUCH: Raw touch: 3390000[0m
[0;32mI (15500) UART_COMMUNICATION: Raw ADC: 342, Voltage: 275 mV, Temp: 27 ÂºC[0m
[0;32mI (15500) TOUCH: Raw touch: 3390000[0m
[0;32mI (18500) UART_COMMUNICATION: Raw ADC: 343, Voltage: 276 mV, Temp: 27 ÂºC[0m
[0;32mI (18500) TOUCH: Raw touch: 3390000[0m
[0;32mI (21500) UART_COMMUNICATION: Raw ADC: 341, Voltage: 274 mV, Temp: 27 ÂºC[0m
[0;32mI (21500) TOUCH: Raw touch: 3390000[0m
[0;32mI (24500) UART_COMMUNICATION: Raw ADC: 342, Voltage: 275 mV, Temp: 27 ÂºC[0m
[0;32mI (24500) TOUCH: Raw touch: 3390000[0m
